Component: ARM Compiler 5.05 update 1 (build 106) Tool: armlink [4d0efa]

==============================================================================

Section Cross References

    system_stm32f10x.o(i.SetSysClock) refers to system_stm32f10x.o(i.SetSysClockTo72) for SetSysClockTo72
    system_stm32f10x.o(i.SystemCoreClockUpdate) refers to system_stm32f10x.o(.data) for SystemCoreClock
    system_stm32f10x.o(i.SystemInit) refers to system_stm32f10x.o(i.SetSysClock) for SetSysClock
    main.o(i.main) refers to uartcontact.o(i.initUart) for initUart
    main.o(i.main) refers to clock.o(i.enableClock) for enableClock
    main.o(i.main) refers to beep.o(i.initBEEP) for initBEEP
    main.o(i.main) refers to clock.o(i.led) for led
    startup_stm32f10x_hd.o(RESET) refers to startup_stm32f10x_hd.o(STACK) for __initial_sp
    startup_stm32f10x_hd.o(RESET) refers to startup_stm32f10x_hd.o(.text) for Reset_Handler
    startup_stm32f10x_hd.o(RESET) refers to clock.o(i.RTC_IRQHandler) for RTC_IRQHandler
    startup_stm32f10x_hd.o(RESET) refers to uartcontact.o(i.USART1_IRQHandler) for USART1_IRQHandler
    startup_stm32f10x_hd.o(.text) refers to system_stm32f10x.o(i.SystemInit) for SystemInit
    startup_stm32f10x_hd.o(.text) refers to entry.o(.ARM.Collect$$$$00000000) for __main
    clock.o(i.RTC_IRQHandler) refers to clock.o(i.getCounter) for getCounter
    clock.o(i.RTC_IRQHandler) refers to uartcontact.o(i.sendData) for sendData
    clock.o(i.RTC_IRQHandler) refers to beep.o(i.runBeep) for runBeep
    clock.o(i.RTC_IRQHandler) refers to clock.o(i.setNextAlarm) for setNextAlarm
    clock.o(i.RTC_IRQHandler) refers to clock.o(.data) for sendTimeCounter
    clock.o(i.enableClock) refers to clock.o(i.delay) for delay
    clock.o(i.enableClock) refers to setnvic.o(i.MY_NVIC_Init) for MY_NVIC_Init
    clock.o(i.led) refers to clock.o(i.delay) for delay
    clock.o(i.setNextAlarm) refers to clock.o(i.setAlarm) for setAlarm
    beep.o(i.runBeep) refers to clock.o(i.delay) for delay
    uartcontact.o(i.USART1_IRQHandler) refers to uartcontact.o(i.sendData) for sendData
    uartcontact.o(i.USART1_IRQHandler) refers to uartcontact.o(i.setCurrentAlarm) for setCurrentAlarm
    uartcontact.o(i.USART1_IRQHandler) refers to uartcontact.o(.data) for recivedTime
    uartcontact.o(i.initUart) refers to ffixui.o(.text) for __aeabi_f2uiz
    uartcontact.o(i.initUart) refers to ffltui.o(.text) for __aeabi_ui2f
    uartcontact.o(i.initUart) refers to fadd.o(.text) for __aeabi_frsub
    uartcontact.o(i.initUart) refers to fmul.o(.text) for __aeabi_fmul
    uartcontact.o(i.initUart) refers to setnvic.o(i.MY_NVIC_Init) for MY_NVIC_Init
    uartcontact.o(i.setCurrentAlarm) refers to clock.o(i.getCounter) for getCounter
    uartcontact.o(i.setCurrentAlarm) refers to clock.o(i.setAlarm) for setAlarm
    setnvic.o(i.MY_NVIC_Init) refers to setnvic.o(i.MY_NVIC_PriorityGroupConfig) for MY_NVIC_PriorityGroupConfig
    entry.o(.ARM.Collect$$$$00000000) refers (Special) to entry10a.o(.ARM.Collect$$$$0000000D) for __rt_final_cpp
    entry.o(.ARM.Collect$$$$00000000) refers (Special) to entry11a.o(.ARM.Collect$$$$0000000F) for __rt_final_exit
    entry.o(.ARM.Collect$$$$00000000) refers (Special) to entry7b.o(.ARM.Collect$$$$00000008) for _main_clock
    entry.o(.ARM.Collect$$$$00000000) refers (Special) to entry8b.o(.ARM.Collect$$$$0000000A) for _main_cpp_init
    entry.o(.ARM.Collect$$$$00000000) refers (Special) to entry9a.o(.ARM.Collect$$$$0000000B) for _main_init
    entry.o(.ARM.Collect$$$$00000000) refers (Special) to entry5.o(.ARM.Collect$$$$00000004) for _main_scatterload
    entry.o(.ARM.Collect$$$$00000000) refers (Special) to entry2.o(.ARM.Collect$$$$00000001) for _main_stk
    fadd.o(.text) refers (Special) to iusefp.o(.text) for __I$use$fp
    fadd.o(.text) refers to fepilogue.o(.text) for _float_epilogue
    fmul.o(.text) refers (Special) to iusefp.o(.text) for __I$use$fp
    ffltui.o(.text) refers (Special) to iusefp.o(.text) for __I$use$fp
    ffltui.o(.text) refers to fepilogue.o(.text) for _float_epilogue
    ffixui.o(.text) refers (Special) to iusefp.o(.text) for __I$use$fp
    entry2.o(.ARM.Collect$$$$00000001) refers to entry2.o(.ARM.Collect$$$$00002712) for __lit__00000000
    entry2.o(.ARM.Collect$$$$00002712) refers to startup_stm32f10x_hd.o(STACK) for __initial_sp
    entry2.o(__vectab_stack_and_reset_area) refers to startup_stm32f10x_hd.o(STACK) for __initial_sp
    entry2.o(__vectab_stack_and_reset_area) refers to entry.o(.ARM.Collect$$$$00000000) for __main
    entry5.o(.ARM.Collect$$$$00000004) refers to init.o(.text) for __scatterload
    entry9a.o(.ARM.Collect$$$$0000000B) refers to main.o(i.main) for main
    entry9b.o(.ARM.Collect$$$$0000000C) refers to main.o(i.main) for main
    init.o(.text) refers to entry5.o(.ARM.Collect$$$$00000004) for __main_after_scatterload


==============================================================================

Removing Unused input sections from the image.

    Removing system_stm32f10x.o(i.SystemCoreClockUpdate), (164 bytes).
    Removing system_stm32f10x.o(.data), (20 bytes).
    Removing startup_stm32f10x_hd.o(HEAP), (0 bytes).
    Removing clock.o(i.setTime), (120 bytes).

4 unused section(s) (total 304 bytes) removed from the image.

==============================================================================

Image Symbol Table

    Local Symbols

    Symbol Name                              Value     Ov Type        Size  Object(Section)

    ../clib/microlib/init/entry.s            0x00000000   Number         0  entry7a.o ABSOLUTE
    ../clib/microlib/init/entry.s            0x00000000   Number         0  entry.o ABSOLUTE
    ../clib/microlib/init/entry.s            0x00000000   Number         0  entry11a.o ABSOLUTE
    ../clib/microlib/init/entry.s            0x00000000   Number         0  entry10b.o ABSOLUTE
    ../clib/microlib/init/entry.s            0x00000000   Number         0  entry10a.o ABSOLUTE
    ../clib/microlib/init/entry.s            0x00000000   Number         0  entry9b.o ABSOLUTE
    ../clib/microlib/init/entry.s            0x00000000   Number         0  entry2.o ABSOLUTE
    ../clib/microlib/init/entry.s            0x00000000   Number         0  entry9a.o ABSOLUTE
    ../clib/microlib/init/entry.s            0x00000000   Number         0  entry5.o ABSOLUTE
    ../clib/microlib/init/entry.s            0x00000000   Number         0  entry8b.o ABSOLUTE
    ../clib/microlib/init/entry.s            0x00000000   Number         0  entry8a.o ABSOLUTE
    ../clib/microlib/init/entry.s            0x00000000   Number         0  entry7b.o ABSOLUTE
    ../clib/microlib/init/entry.s            0x00000000   Number         0  entry11b.o ABSOLUTE
    ../clib/microlib/stubs.s                 0x00000000   Number         0  iusefp.o ABSOLUTE
    ../fplib/microlib/fpadd.c                0x00000000   Number         0  fadd.o ABSOLUTE
    ../fplib/microlib/fpepilogue.c           0x00000000   Number         0  fepilogue.o ABSOLUTE
    ../fplib/microlib/fpfix.c                0x00000000   Number         0  ffixui.o ABSOLUTE
    ../fplib/microlib/fpflt.c                0x00000000   Number         0  ffltui.o ABSOLUTE
    ../fplib/microlib/fpmul.c                0x00000000   Number         0  fmul.o ABSOLUTE
    Function\beep.c                          0x00000000   Number         0  beep.o ABSOLUTE
    Function\clock.c                         0x00000000   Number         0  clock.o ABSOLUTE
    Function\setNVIC.c                       0x00000000   Number         0  setnvic.o ABSOLUTE
    Function\uartContact.c                   0x00000000   Number         0  uartcontact.o ABSOLUTE
    System\sys\system_stm32f10x.c            0x00000000   Number         0  system_stm32f10x.o ABSOLUTE
    User\main.c                              0x00000000   Number         0  main.o ABSOLUTE
    User\startup_stm32f10x_hd.s              0x00000000   Number         0  startup_stm32f10x_hd.o ABSOLUTE
    dc.s                                     0x00000000   Number         0  dc.o ABSOLUTE
    handlers.s                               0x00000000   Number         0  handlers.o ABSOLUTE
    init.s                                   0x00000000   Number         0  init.o ABSOLUTE
    RESET                                    0x08000000   Section      304  startup_stm32f10x_hd.o(RESET)
    .ARM.Collect$$$$00000000                 0x08000130   Section        0  entry.o(.ARM.Collect$$$$00000000)
    .ARM.Collect$$$$00000001                 0x08000130   Section        4  entry2.o(.ARM.Collect$$$$00000001)
    .ARM.Collect$$$$00000004                 0x08000134   Section        4  entry5.o(.ARM.Collect$$$$00000004)
    .ARM.Collect$$$$00000008                 0x08000138   Section        0  entry7b.o(.ARM.Collect$$$$00000008)
    .ARM.Collect$$$$0000000A                 0x08000138   Section        0  entry8b.o(.ARM.Collect$$$$0000000A)
    .ARM.Collect$$$$0000000B                 0x08000138   Section        8  entry9a.o(.ARM.Collect$$$$0000000B)
    .ARM.Collect$$$$0000000D                 0x08000140   Section        0  entry10a.o(.ARM.Collect$$$$0000000D)
    .ARM.Collect$$$$0000000F                 0x08000140   Section        0  entry11a.o(.ARM.Collect$$$$0000000F)
    .ARM.Collect$$$$00002712                 0x08000140   Section        4  entry2.o(.ARM.Collect$$$$00002712)
    __lit__00000000                          0x08000140   Data           4  entry2.o(.ARM.Collect$$$$00002712)
    .text                                    0x08000144   Section       36  startup_stm32f10x_hd.o(.text)
    .text                                    0x08000168   Section        0  fadd.o(.text)
    .text                                    0x08000218   Section        0  fmul.o(.text)
    .text                                    0x0800027c   Section        0  ffltui.o(.text)
    .text                                    0x08000286   Section        0  ffixui.o(.text)
    .text                                    0x080002ae   Section        0  iusefp.o(.text)
    .text                                    0x080002ae   Section        0  fepilogue.o(.text)
    .text                                    0x0800031c   Section       36  init.o(.text)
    i.MY_NVIC_Init                           0x08000340   Section        0  setnvic.o(i.MY_NVIC_Init)
    i.MY_NVIC_PriorityGroupConfig            0x080003b8   Section        0  setnvic.o(i.MY_NVIC_PriorityGroupConfig)
    i.RTC_IRQHandler                         0x080003e0   Section        0  clock.o(i.RTC_IRQHandler)
    i.SetSysClock                            0x08000494   Section        0  system_stm32f10x.o(i.SetSysClock)
    SetSysClock                              0x08000495   Thumb Code     8  system_stm32f10x.o(i.SetSysClock)
    i.SetSysClockTo72                        0x0800049c   Section        0  system_stm32f10x.o(i.SetSysClockTo72)
    SetSysClockTo72                          0x0800049d   Thumb Code   214  system_stm32f10x.o(i.SetSysClockTo72)
    i.SystemInit                             0x0800057c   Section        0  system_stm32f10x.o(i.SystemInit)
    i.USART1_IRQHandler                      0x080005dc   Section        0  uartcontact.o(i.USART1_IRQHandler)
    i.__scatterload_copy                     0x0800064c   Section       14  handlers.o(i.__scatterload_copy)
    i.__scatterload_null                     0x0800065a   Section        2  handlers.o(i.__scatterload_null)
    i.__scatterload_zeroinit                 0x0800065c   Section       14  handlers.o(i.__scatterload_zeroinit)
    i.delay                                  0x0800066a   Section        0  clock.o(i.delay)
    i.enableClock                            0x08000678   Section        0  clock.o(i.enableClock)
    i.getCounter                             0x080007d8   Section        0  clock.o(i.getCounter)
    i.initBEEP                               0x080007ec   Section        0  beep.o(i.initBEEP)
    i.initUart                               0x08000828   Section        0  uartcontact.o(i.initUart)
    i.led                                    0x0800090c   Section        0  clock.o(i.led)
    i.main                                   0x08000960   Section        0  main.o(i.main)
    i.runBeep                                0x08000978   Section        0  beep.o(i.runBeep)
    i.sendData                               0x080009b4   Section        0  uartcontact.o(i.sendData)
    i.setAlarm                               0x080009e0   Section        0  clock.o(i.setAlarm)
    i.setCurrentAlarm                        0x08000a58   Section        0  uartcontact.o(i.setCurrentAlarm)
    i.setNextAlarm                           0x08000ba0   Section        0  clock.o(i.setNextAlarm)
    .data                                    0x20000000   Section        4  clock.o(.data)
    .data                                    0x20000004   Section        8  uartcontact.o(.data)
    STACK                                    0x20000010   Section     1024  startup_stm32f10x_hd.o(STACK)

    Global Symbols

    Symbol Name                              Value     Ov Type        Size  Object(Section)

    BuildAttributes$$THM_ISAv4$P$D$K$B$S$PE$A:L22UL41UL21$X:L11$S22US41US21$IEEE1$IW$USESV6$~STKCKD$USESV7$~SHL$OTIME$ROPI$EBA8$MICROLIB$REQ8$PRES8$EABIv2 0x00000000   Number         0  anon$$obj.o ABSOLUTE
    __ARM_use_no_argv                        0x00000000   Number         0  main.o ABSOLUTE
    __cpp_initialize__aeabi_                  - Undefined Weak Reference
    __cxa_finalize                            - Undefined Weak Reference
    __decompress                              - Undefined Weak Reference
    _clock_init                               - Undefined Weak Reference
    _microlib_exit                            - Undefined Weak Reference
    __Vectors_Size                           0x00000130   Number         0  startup_stm32f10x_hd.o ABSOLUTE
    __Vectors                                0x08000000   Data           4  startup_stm32f10x_hd.o(RESET)
    __Vectors_End                            0x08000130   Data           0  startup_stm32f10x_hd.o(RESET)
    __main                                   0x08000131   Thumb Code     0  entry.o(.ARM.Collect$$$$00000000)
    _main_stk                                0x08000131   Thumb Code     0  entry2.o(.ARM.Collect$$$$00000001)
    _main_scatterload                        0x08000135   Thumb Code     0  entry5.o(.ARM.Collect$$$$00000004)
    __main_after_scatterload                 0x08000139   Thumb Code     0  entry5.o(.ARM.Collect$$$$00000004)
    _main_clock                              0x08000139   Thumb Code     0  entry7b.o(.ARM.Collect$$$$00000008)
    _main_cpp_init                           0x08000139   Thumb Code     0  entry8b.o(.ARM.Collect$$$$0000000A)
    _main_init                               0x08000139   Thumb Code     0  entry9a.o(.ARM.Collect$$$$0000000B)
    __rt_final_cpp                           0x08000141   Thumb Code     0  entry10a.o(.ARM.Collect$$$$0000000D)
    __rt_final_exit                          0x08000141   Thumb Code     0  entry11a.o(.ARM.Collect$$$$0000000F)
    Reset_Handler                            0x08000145   Thumb Code     8  startup_stm32f10x_hd.o(.text)
    NMI_Handler                              0x0800014d   Thumb Code     2  startup_stm32f10x_hd.o(.text)
    HardFault_Handler                        0x0800014f   Thumb Code     2  startup_stm32f10x_hd.o(.text)
    MemManage_Handler                        0x08000151   Thumb Code     2  startup_stm32f10x_hd.o(.text)
    BusFault_Handler                         0x08000153   Thumb Code     2  startup_stm32f10x_hd.o(.text)
    UsageFault_Handler                       0x08000155   Thumb Code     2  startup_stm32f10x_hd.o(.text)
    SVC_Handler                              0x08000157   Thumb Code     2  startup_stm32f10x_hd.o(.text)
    DebugMon_Handler                         0x08000159   Thumb Code     2  startup_stm32f10x_hd.o(.text)
    PendSV_Handler                           0x0800015b   Thumb Code     2  startup_stm32f10x_hd.o(.text)
    SysTick_Handler                          0x0800015d   Thumb Code     2  startup_stm32f10x_hd.o(.text)
    ADC1_2_IRQHandler                        0x0800015f   Thumb Code     0  startup_stm32f10x_hd.o(.text)
    ADC3_IRQHandler                          0x0800015f   Thumb Code     0  startup_stm32f10x_hd.o(.text)
    CAN1_RX1_IRQHandler                      0x0800015f   Thumb Code     0  startup_stm32f10x_hd.o(.text)
    CAN1_SCE_IRQHandler                      0x0800015f   Thumb Code     0  startup_stm32f10x_hd.o(.text)
    DMA1_Channel1_IRQHandler                 0x0800015f   Thumb Code     0  startup_stm32f10x_hd.o(.text)
    DMA1_Channel2_IRQHandler                 0x0800015f   Thumb Code     0  startup_stm32f10x_hd.o(.text)
    DMA1_Channel3_IRQHandler                 0x0800015f   Thumb Code     0  startup_stm32f10x_hd.o(.text)
    DMA1_Channel4_IRQHandler                 0x0800015f   Thumb Code     0  startup_stm32f10x_hd.o(.text)
    DMA1_Channel5_IRQHandler                 0x0800015f   Thumb Code     0  startup_stm32f10x_hd.o(.text)
    DMA1_Channel6_IRQHandler                 0x0800015f   Thumb Code     0  startup_stm32f10x_hd.o(.text)
    DMA1_Channel7_IRQHandler                 0x0800015f   Thumb Code     0  startup_stm32f10x_hd.o(.text)
    DMA2_Channel1_IRQHandler                 0x0800015f   Thumb Code     0  startup_stm32f10x_hd.o(.text)
    DMA2_Channel2_IRQHandler                 0x0800015f   Thumb Code     0  startup_stm32f10x_hd.o(.text)
    DMA2_Channel3_IRQHandler                 0x0800015f   Thumb Code     0  startup_stm32f10x_hd.o(.text)
    DMA2_Channel4_5_IRQHandler               0x0800015f   Thumb Code     0  startup_stm32f10x_hd.o(.text)
    EXTI0_IRQHandler                         0x0800015f   Thumb Code     0  startup_stm32f10x_hd.o(.text)
    EXTI15_10_IRQHandler                     0x0800015f   Thumb Code     0  startup_stm32f10x_hd.o(.text)
    EXTI1_IRQHandler                         0x0800015f   Thumb Code     0  startup_stm32f10x_hd.o(.text)
    EXTI2_IRQHandler                         0x0800015f   Thumb Code     0  startup_stm32f10x_hd.o(.text)
    EXTI3_IRQHandler                         0x0800015f   Thumb Code     0  startup_stm32f10x_hd.o(.text)
    EXTI4_IRQHandler                         0x0800015f   Thumb Code     0  startup_stm32f10x_hd.o(.text)
    EXTI9_5_IRQHandler                       0x0800015f   Thumb Code     0  startup_stm32f10x_hd.o(.text)
    FLASH_IRQHandler                         0x0800015f   Thumb Code     0  startup_stm32f10x_hd.o(.text)
    FSMC_IRQHandler                          0x0800015f   Thumb Code     0  startup_stm32f10x_hd.o(.text)
    I2C1_ER_IRQHandler                       0x0800015f   Thumb Code     0  startup_stm32f10x_hd.o(.text)
    I2C1_EV_IRQHandler                       0x0800015f   Thumb Code     0  startup_stm32f10x_hd.o(.text)
    I2C2_ER_IRQHandler                       0x0800015f   Thumb Code     0  startup_stm32f10x_hd.o(.text)
    I2C2_EV_IRQHandler                       0x0800015f   Thumb Code     0  startup_stm32f10x_hd.o(.text)
    PVD_IRQHandler                           0x0800015f   Thumb Code     0  startup_stm32f10x_hd.o(.text)
    RCC_IRQHandler                           0x0800015f   Thumb Code     0  startup_stm32f10x_hd.o(.text)
    RTCAlarm_IRQHandler                      0x0800015f   Thumb Code     0  startup_stm32f10x_hd.o(.text)
    SDIO_IRQHandler                          0x0800015f   Thumb Code     0  startup_stm32f10x_hd.o(.text)
    SPI1_IRQHandler                          0x0800015f   Thumb Code     0  startup_stm32f10x_hd.o(.text)
    SPI2_IRQHandler                          0x0800015f   Thumb Code     0  startup_stm32f10x_hd.o(.text)
    SPI3_IRQHandler                          0x0800015f   Thumb Code     0  startup_stm32f10x_hd.o(.text)
    TAMPER_IRQHandler                        0x0800015f   Thumb Code     0  startup_stm32f10x_hd.o(.text)
    TIM1_BRK_IRQHandler                      0x0800015f   Thumb Code     0  startup_stm32f10x_hd.o(.text)
    TIM1_CC_IRQHandler                       0x0800015f   Thumb Code     0  startup_stm32f10x_hd.o(.text)
    TIM1_TRG_COM_IRQHandler                  0x0800015f   Thumb Code     0  startup_stm32f10x_hd.o(.text)
    TIM1_UP_IRQHandler                       0x0800015f   Thumb Code     0  startup_stm32f10x_hd.o(.text)
    TIM2_IRQHandler                          0x0800015f   Thumb Code     0  startup_stm32f10x_hd.o(.text)
    TIM3_IRQHandler                          0x0800015f   Thumb Code     0  startup_stm32f10x_hd.o(.text)
    TIM4_IRQHandler                          0x0800015f   Thumb Code     0  startup_stm32f10x_hd.o(.text)
    TIM5_IRQHandler                          0x0800015f   Thumb Code     0  startup_stm32f10x_hd.o(.text)
    TIM6_IRQHandler                          0x0800015f   Thumb Code     0  startup_stm32f10x_hd.o(.text)
    TIM7_IRQHandler                          0x0800015f   Thumb Code     0  startup_stm32f10x_hd.o(.text)
    TIM8_BRK_IRQHandler                      0x0800015f   Thumb Code     0  startup_stm32f10x_hd.o(.text)
    TIM8_CC_IRQHandler                       0x0800015f   Thumb Code     0  startup_stm32f10x_hd.o(.text)
    TIM8_TRG_COM_IRQHandler                  0x0800015f   Thumb Code     0  startup_stm32f10x_hd.o(.text)
    TIM8_UP_IRQHandler                       0x0800015f   Thumb Code     0  startup_stm32f10x_hd.o(.text)
    UART4_IRQHandler                         0x0800015f   Thumb Code     0  startup_stm32f10x_hd.o(.text)
    UART5_IRQHandler                         0x0800015f   Thumb Code     0  startup_stm32f10x_hd.o(.text)
    USART2_IRQHandler                        0x0800015f   Thumb Code     0  startup_stm32f10x_hd.o(.text)
    USART3_IRQHandler                        0x0800015f   Thumb Code     0  startup_stm32f10x_hd.o(.text)
    USBWakeUp_IRQHandler                     0x0800015f   Thumb Code     0  startup_stm32f10x_hd.o(.text)
    USB_HP_CAN1_TX_IRQHandler                0x0800015f   Thumb Code     0  startup_stm32f10x_hd.o(.text)
    USB_LP_CAN1_RX0_IRQHandler               0x0800015f   Thumb Code     0  startup_stm32f10x_hd.o(.text)
    WWDG_IRQHandler                          0x0800015f   Thumb Code     0  startup_stm32f10x_hd.o(.text)
    __aeabi_fadd                             0x08000169   Thumb Code   164  fadd.o(.text)
    __aeabi_fsub                             0x0800020d   Thumb Code     6  fadd.o(.text)
    __aeabi_frsub                            0x08000213   Thumb Code     6  fadd.o(.text)
    __aeabi_fmul                             0x08000219   Thumb Code   100  fmul.o(.text)
    __aeabi_ui2f                             0x0800027d   Thumb Code    10  ffltui.o(.text)
    __aeabi_f2uiz                            0x08000287   Thumb Code    40  ffixui.o(.text)
    __I$use$fp                               0x080002af   Thumb Code     0  iusefp.o(.text)
    _float_round                             0x080002af   Thumb Code    18  fepilogue.o(.text)
    _float_epilogue                          0x080002c1   Thumb Code    92  fepilogue.o(.text)
    __scatterload                            0x0800031d   Thumb Code    28  init.o(.text)
    __scatterload_rt2                        0x0800031d   Thumb Code     0  init.o(.text)
    MY_NVIC_Init                             0x08000341   Thumb Code   116  setnvic.o(i.MY_NVIC_Init)
    MY_NVIC_PriorityGroupConfig              0x080003b9   Thumb Code    32  setnvic.o(i.MY_NVIC_PriorityGroupConfig)
    RTC_IRQHandler                           0x080003e1   Thumb Code   170  clock.o(i.RTC_IRQHandler)
    SystemInit                               0x0800057d   Thumb Code    78  system_stm32f10x.o(i.SystemInit)
    USART1_IRQHandler                        0x080005dd   Thumb Code   100  uartcontact.o(i.USART1_IRQHandler)
    __scatterload_copy                       0x0800064d   Thumb Code    14  handlers.o(i.__scatterload_copy)
    __scatterload_null                       0x0800065b   Thumb Code     2  handlers.o(i.__scatterload_null)
    __scatterload_zeroinit                   0x0800065d   Thumb Code    14  handlers.o(i.__scatterload_zeroinit)
    delay                                    0x0800066b   Thumb Code    12  clock.o(i.delay)
    enableClock                              0x08000679   Thumb Code   332  clock.o(i.enableClock)
    getCounter                               0x080007d9   Thumb Code    16  clock.o(i.getCounter)
    initBEEP                                 0x080007ed   Thumb Code    52  beep.o(i.initBEEP)
    initUart                                 0x08000829   Thumb Code   210  uartcontact.o(i.initUart)
    led                                      0x0800090d   Thumb Code    70  clock.o(i.led)
    main                                     0x08000961   Thumb Code    22  main.o(i.main)
    runBeep                                  0x08000979   Thumb Code    54  beep.o(i.runBeep)
    sendData                                 0x080009b5   Thumb Code    40  uartcontact.o(i.sendData)
    setAlarm                                 0x080009e1   Thumb Code   108  clock.o(i.setAlarm)
    setCurrentAlarm                          0x08000a59   Thumb Code   318  uartcontact.o(i.setCurrentAlarm)
    setNextAlarm                             0x08000ba1   Thumb Code   100  clock.o(i.setNextAlarm)
    Region$$Table$$Base                      0x08000c08   Number         0  anon$$obj.o(Region$$Table)
    Region$$Table$$Limit                     0x08000c28   Number         0  anon$$obj.o(Region$$Table)
    sendTimeCounter                          0x20000000   Data           4  clock.o(.data)
    recivedTime                              0x20000004   Data           6  uartcontact.o(.data)
    reciveTimeCounter                        0x2000000a   Data           2  uartcontact.o(.data)
    __initial_sp                             0x20000410   Data           0  startup_stm32f10x_hd.o(STACK)



==============================================================================

Memory Map of the image

  Image Entry point : 0x08000131

  Load Region LR_IROM1 (Base: 0x08000000, Size: 0x00000c34, Max: 0x00080000, ABSOLUTE)

    Execution Region ER_IROM1 (Base: 0x08000000, Size: 0x00000c28, Max: 0x00080000, ABSOLUTE)

    Base Addr    Size         Type   Attr      Idx    E Section Name        Object

    0x08000000   0x00000130   Data   RO           84    RESET               startup_stm32f10x_hd.o
    0x08000130   0x00000000   Code   RO          228  * .ARM.Collect$$$$00000000  mc_w.l(entry.o)
    0x08000130   0x00000004   Code   RO          239    .ARM.Collect$$$$00000001  mc_w.l(entry2.o)
    0x08000134   0x00000004   Code   RO          242    .ARM.Collect$$$$00000004  mc_w.l(entry5.o)
    0x08000138   0x00000000   Code   RO          244    .ARM.Collect$$$$00000008  mc_w.l(entry7b.o)
    0x08000138   0x00000000   Code   RO          246    .ARM.Collect$$$$0000000A  mc_w.l(entry8b.o)
    0x08000138   0x00000008   Code   RO          247    .ARM.Collect$$$$0000000B  mc_w.l(entry9a.o)
    0x08000140   0x00000000   Code   RO          249    .ARM.Collect$$$$0000000D  mc_w.l(entry10a.o)
    0x08000140   0x00000000   Code   RO          251    .ARM.Collect$$$$0000000F  mc_w.l(entry11a.o)
    0x08000140   0x00000004   Code   RO          240    .ARM.Collect$$$$00002712  mc_w.l(entry2.o)
    0x08000144   0x00000024   Code   RO           85    .text               startup_stm32f10x_hd.o
    0x08000168   0x000000b0   Code   RO          231    .text               mf_w.l(fadd.o)
    0x08000218   0x00000064   Code   RO          233    .text               mf_w.l(fmul.o)
    0x0800027c   0x0000000a   Code   RO          235    .text               mf_w.l(ffltui.o)
    0x08000286   0x00000028   Code   RO          237    .text               mf_w.l(ffixui.o)
    0x080002ae   0x00000000   Code   RO          253    .text               mc_w.l(iusefp.o)
    0x080002ae   0x0000006e   Code   RO          254    .text               mf_w.l(fepilogue.o)
    0x0800031c   0x00000024   Code   RO          256    .text               mc_w.l(init.o)
    0x08000340   0x00000078   Code   RO          210    i.MY_NVIC_Init      setnvic.o
    0x080003b8   0x00000028   Code   RO          211    i.MY_NVIC_PriorityGroupConfig  setnvic.o
    0x080003e0   0x000000b4   Code   RO           90    i.RTC_IRQHandler    clock.o
    0x08000494   0x00000008   Code   RO            1    i.SetSysClock       system_stm32f10x.o
    0x0800049c   0x000000e0   Code   RO            2    i.SetSysClockTo72   system_stm32f10x.o
    0x0800057c   0x00000060   Code   RO            4    i.SystemInit        system_stm32f10x.o
    0x080005dc   0x00000070   Code   RO          177    i.USART1_IRQHandler  uartcontact.o
    0x0800064c   0x0000000e   Code   RO          260    i.__scatterload_copy  mc_w.l(handlers.o)
    0x0800065a   0x00000002   Code   RO          261    i.__scatterload_null  mc_w.l(handlers.o)
    0x0800065c   0x0000000e   Code   RO          262    i.__scatterload_zeroinit  mc_w.l(handlers.o)
    0x0800066a   0x0000000c   Code   RO           91    i.delay             clock.o
    0x08000676   0x00000002   PAD
    0x08000678   0x00000160   Code   RO           92    i.enableClock       clock.o
    0x080007d8   0x00000014   Code   RO           93    i.getCounter        clock.o
    0x080007ec   0x0000003c   Code   RO          159    i.initBEEP          beep.o
    0x08000828   0x000000e4   Code   RO          178    i.initUart          uartcontact.o
    0x0800090c   0x00000054   Code   RO           94    i.led               clock.o
    0x08000960   0x00000016   Code   RO           47    i.main              main.o
    0x08000976   0x00000002   PAD
    0x08000978   0x0000003c   Code   RO          160    i.runBeep           beep.o
    0x080009b4   0x0000002c   Code   RO          179    i.sendData          uartcontact.o
    0x080009e0   0x00000078   Code   RO           95    i.setAlarm          clock.o
    0x08000a58   0x00000148   Code   RO          180    i.setCurrentAlarm   uartcontact.o
    0x08000ba0   0x00000068   Code   RO           96    i.setNextAlarm      clock.o
    0x08000c08   0x00000020   Data   RO          258    Region$$Table       anon$$obj.o


    Execution Region RW_IRAM1 (Base: 0x20000000, Size: 0x00000410, Max: 0x00010000, ABSOLUTE)

    Base Addr    Size         Type   Attr      Idx    E Section Name        Object

    0x20000000   0x00000004   Data   RW           98    .data               clock.o
    0x20000004   0x00000008   Data   RW          181    .data               uartcontact.o
    0x2000000c   0x00000004   PAD
    0x20000010   0x00000400   Zero   RW           82    STACK               startup_stm32f10x_hd.o


==============================================================================

Image component sizes


      Code (inc. data)   RO Data    RW Data    ZI Data      Debug   Object Name

       120         14          0          0          0        793   beep.o
       872         64          0          4          0       3390   clock.o
        22          0          0          0          0     203415   main.o
       160         12          0          0          0       1097   setnvic.o
        36          8        304          0       1024        764   startup_stm32f10x_hd.o
       328         28          0          0          0       6201   system_stm32f10x.o
       712         44          0          8          0       2704   uartcontact.o

    ----------------------------------------------------------------------
      2254        170        336         12       1028     218364   Object Totals
         0          0         32          0          0          0   (incl. Generated)
         4          0          0          0          4          0   (incl. Padding)

    ----------------------------------------------------------------------

      Code (inc. data)   RO Data    RW Data    ZI Data      Debug   Library Member Name

         0          0          0          0          0          0   entry.o
         0          0          0          0          0          0   entry10a.o
         0          0          0          0          0          0   entry11a.o
         8          4          0          0          0          0   entry2.o
         4          0          0          0          0          0   entry5.o
         0          0          0          0          0          0   entry7b.o
         0          0          0          0          0          0   entry8b.o
         8          4          0          0          0          0   entry9a.o
        30          0          0          0          0          0   handlers.o
        36          8          0          0          0         68   init.o
         0          0          0          0          0          0   iusefp.o
       176          0          0          0          0        140   fadd.o
       110          0          0          0          0        168   fepilogue.o
        40          0          0          0          0         68   ffixui.o
        10          0          0          0          0         68   ffltui.o
       100          0          0          0          0         76   fmul.o

    ----------------------------------------------------------------------
       522         16          0          0          0        588   Library Totals
         0          0          0          0          0          0   (incl. Padding)

    ----------------------------------------------------------------------

      Code (inc. data)   RO Data    RW Data    ZI Data      Debug   Library Name

        86         16          0          0          0         68   mc_w.l
       436          0          0          0          0        520   mf_w.l

    ----------------------------------------------------------------------
       522         16          0          0          0        588   Library Totals

    ----------------------------------------------------------------------

==============================================================================


      Code (inc. data)   RO Data    RW Data    ZI Data      Debug   

      2776        186        336         12       1028     218064   Grand Totals
      2776        186        336         12       1028     218064   ELF Image Totals
      2776        186        336         12          0          0   ROM Totals

==============================================================================

    Total RO  Size (Code + RO Data)                 3112 (   3.04kB)
    Total RW  Size (RW Data + ZI Data)              1040 (   1.02kB)
    Total ROM Size (Code + RO Data + RW Data)       3124 (   3.05kB)

==============================================================================

